
> resume-builder@0.1.0 build
> next build

   鈻?Next.js 16.0.3 (Turbopack)

   Creating an optimized production build ...
 鉁?Compiled successfully in 5.7s
   Running TypeScript ...
node.exe : Failed to 
compile.
所在位置 行:1 字符: 1
+ & "D:\tools\nodejs/
node.exe" "D:\tools\n
odejs/node_modules/np
m/bin/np ...
+ ~~~~~~~~~~~~~~~~~~~
~~~~~~~~~~~~~~~~~~~~~
~~~~~~~~~~~~~~~~~~~~~
~~~~~~~~
    + CategoryInfo   
           : NotSpe  
  cified: (Failed    
 to compile.:Stri    
ng) [], RemoteEx    c
eption
    + FullyQualified 
   ErrorId : Native  
  CommandError
 

./src/components/ui/M
iniResumePreview.tsx:
29:27
Type error: Property 
'container' does not 
exist on type '{ h1: 
{ borderColor: string
; color: string; }; h
2: { borderColor: str
ing; color: string; }
; h3: { color: string
; }; p: { color: stri
ng; }; ul: { color: s
tring; }; a: { color:
 string; }; } | { con
tainer: { borderColor
: string; }; ... 6 mo
re ...; a: { ...; }; 
} | ... 11 more ... |
 { ...; }'.
  Property 'container
' does not exist on t
ype '{ h1: { borderCo
lor: string; color: s
tring; }; h2: { borde
rColor: string; color
: string; }; h3: { co
lor: string; }; p: { 
color: string; }; ul:
 { color: string; }; 
a: { color: string; }
; }'.

[0m [90m 27 |[39m 
                width
[33m:[39m [32m"210
mm"[39m[33m,[39m  
[90m// A4 width[39m
 [90m 28 |[39m     
            height[3
3m:[39m [32m"297mm"
[39m[33m,[39m [90
m// A4 height (single
 page only)[39m
[31m[1m>[22m[39m
[90m 29 |[39m       
          [33m...[3
9mstyles[33m.[39mco
ntainer
 [90m    |[39m     
                     
 [31m[1m^[22m[39m
 [90m 30 |[39m     
        }}
 [90m 31 |[39m     
    [33m>[39m
 [90m 32 |[39m     
        {[90m/* Head
er Area */[39m}[0m
Next.js build worker 
exited with code: 1 a
nd signal: null
