src/app/editor/page.tsx(20,5): error TS2353: Object literal may only specify known properties, and 'content' does not exist in type 'UseReactToPrintOptions'.
src/app/templates/page.tsx(64,22): error TS2345: Argument of type '"professional" | "creative" | "modern" | "academic" | "elegant" | "artistic" | "classic" | "minimal" | "tech" | "timeline" | "compact" | "bold" | "corporate" | "java_backend"' is not assignable to parameter of type '"professional" | "creative" | "modern" | "academic" | "elegant" | "artistic" | "minimal" | "tech" | "timeline" | "compact" | "bold" | "corporate"'.
  Type '"classic"' is not assignable to type '"professional" | "creative" | "modern" | "academic" | "elegant" | "artistic" | "minimal" | "tech" | "timeline" | "compact" | "bold" | "corporate"'.
src/app/templates/page.tsx(67,52): error TS2345: Argument of type '"professional" | "creative" | "modern" | "academic" | "elegant" | "artistic" | "classic" | "minimal" | "tech" | "timeline" | "compact" | "bold" | "corporate" | "java_backend"' is not assignable to parameter of type '"professional" | "creative" | "modern" | "academic" | "elegant" | "artistic" | "minimal" | "tech" | "timeline" | "compact" | "bold" | "corporate" | undefined'.
  Type '"classic"' is not assignable to type '"professional" | "creative" | "modern" | "academic" | "elegant" | "artistic" | "minimal" | "tech" | "timeline" | "compact" | "bold" | "corporate" | undefined'.
src/components/ui/MiniResumePreview.tsx(29,27): error TS2339: Property 'container' does not exist on type '{ h1: { borderColor: string; color: string; }; h2: { borderColor: string; color: string; }; h3: { color: string; }; p: { color: string; }; ul: { color: string; }; a: { color: string; }; } | { container: { borderColor: string; }; ... 6 more ...; a: { ...; }; } | ... 11 more ... | { ...; }'.
  Property 'container' does not exist on type '{ h1: { borderColor: string; color: string; }; h2: { borderColor: string; color: string; }; h3: { color: string; }; p: { color: string; }; ul: { color: string; }; a: { color: string; }; }'.
src/components/ui/MiniResumePreview.tsx(52,68): error TS2339: Property 'li' does not exist on type '{ h1: { borderColor: string; color: string; }; h2: { borderColor: string; color: string; }; h3: { color: string; }; p: { color: string; }; ul: { color: string; }; a: { color: string; }; } | { container: { borderColor: string; }; ... 6 more ...; a: { ...; }; } | ... 11 more ... | { ...; }'.
  Property 'li' does not exist on type '{ h1: { borderColor: string; color: string; }; h2: { borderColor: string; color: string; }; h3: { color: string; }; p: { color: string; }; ul: { color: string; }; a: { color: string; }; }'.
src/components/ui/MiniResumePreview.tsx(53,68): error TS2339: Property 'li' does not exist on type '{ h1: { borderColor: string; color: string; }; h2: { borderColor: string; color: string; }; h3: { color: string; }; p: { color: string; }; ul: { color: string; }; a: { color: string; }; } | { container: { borderColor: string; }; ... 6 more ...; a: { ...; }; } | ... 11 more ... | { ...; }'.
  Property 'li' does not exist on type '{ h1: { borderColor: string; color: string; }; h2: { borderColor: string; color: string; }; h3: { color: string; }; p: { color: string; }; ul: { color: string; }; a: { color: string; }; }'.
src/components/ui/MiniResumePreview.tsx(71,64): error TS2339: Property 'li' does not exist on type '{ h1: { borderColor: string; color: string; }; h2: { borderColor: string; color: string; }; h3: { color: string; }; p: { color: string; }; ul: { color: string; }; a: { color: string; }; } | { container: { borderColor: string; }; ... 6 more ...; a: { ...; }; } | ... 11 more ... | { ...; }'.
  Property 'li' does not exist on type '{ h1: { borderColor: string; color: string; }; h2: { borderColor: string; color: string; }; h3: { color: string; }; p: { color: string; }; ul: { color: string; }; a: { color: string; }; }'.
src/components/ui/MiniResumePreview.tsx(72,64): error TS2339: Property 'li' does not exist on type '{ h1: { borderColor: string; color: string; }; h2: { borderColor: string; color: string; }; h3: { color: string; }; p: { color: string; }; ul: { color: string; }; a: { color: string; }; } | { container: { borderColor: string; }; ... 6 more ...; a: { ...; }; } | ... 11 more ... | { ...; }'.
  Property 'li' does not exist on type '{ h1: { borderColor: string; color: string; }; h2: { borderColor: string; color: string; }; h3: { color: string; }; p: { color: string; }; ul: { color: string; }; a: { color: string; }; }'.
src/components/ui/SettingsPanel.tsx(98,53): error TS2345: Argument of type '"professional" | "creative" | "modern" | "academic" | "elegant" | "artistic" | "classic" | "minimal" | "tech" | "timeline" | "compact" | "bold" | "corporate" | "java_backend"' is not assignable to parameter of type '"professional" | "creative" | "modern" | "academic" | "elegant" | "artistic" | "minimal" | "tech" | "timeline" | "compact" | "bold" | "corporate"'.
  Type '"classic"' is not assignable to type '"professional" | "creative" | "modern" | "academic" | "elegant" | "artistic" | "minimal" | "tech" | "timeline" | "compact" | "bold" | "corporate"'.
src/store/demoData.ts(9,52): error TS2366: Function lacks ending return statement and return type does not include 'undefined'.
